6a0b0dbdcb36a999a69170db384c4015a06c3c388be337ddaab0f52479e1e6fd *amd64-linux-x32.elf/upx_test01_dll_c.so
458ee1d9d65651563c21578b6d9eddb877938bc53fa09500d1cbd2b49655c0c6 *amd64-linux-x32.elf/upx_test01_dll_x.so
adcb834d176eabb755a175baa76611f3d0a8442e911698489d15ca5f648e7e32 *amd64-linux-x32.elf/upx_test01_exe_dynamic_nopie_c.out
9b0abf6d3dad97796c51aa0f267b94c3a357e5cd4db82434dcf037532f49aa74 *amd64-linux-x32.elf/upx_test01_exe_dynamic_nopie_x.out
65017bb561bcbed1c84bc6ba7d416efee3715168da990e49ad45a21b38c3f43b *amd64-linux-x32.elf/upx_test01_exe_dynamic_pie_c.out
dc6fb7c15df0c2d51ee85bc3d36d22db8bc952d2876d7471127c3cceaa1dabf4 *amd64-linux-x32.elf/upx_test01_exe_dynamic_pie_x.out
90ad46cea34f3f231c089f26e8aa14bfd742ac49026dcc9e34b449d7f8975f7a *amd64-linux-x32.elf/upx_test01_exe_static_nopie_c.out
90ad46cea34f3f231c089f26e8aa14bfd742ac49026dcc9e34b449d7f8975f7a *amd64-linux-x32.elf/upx_test01_exe_static_nopie_x.out
82e57432d40e9c058ee1455406fed20cff1abbd7c05832dec816f91b0001267f *amd64-linux-x32.elf/upx_test01_exe_static_pie_c.out
82e57432d40e9c058ee1455406fed20cff1abbd7c05832dec816f91b0001267f *amd64-linux-x32.elf/upx_test01_exe_static_pie_x.out
371deea0ae53153460d2b38f37b652ce1c7d0266b9fd903f6bedb0512349a5bc *amd64-linux.elf/upx_test01_dll_c.so
8dbb81b4844305f529ce840439ea5d7a2154f7280d60bb54697b172f5d86058c *amd64-linux.elf/upx_test01_dll_x.so
bde07a88c572e152a14d32417784ddef3ae3b610aeb8ebbac3584955e9089a2e *amd64-linux.elf/upx_test01_exe_dynamic_nopie_c.out
616c58b88df0182b77e3e2af120eec2f5aa4077d7cc5931f413c9bc6ca99ee77 *amd64-linux.elf/upx_test01_exe_dynamic_nopie_x.out
d891572a7fa1e8ab459d6ed5515980e6a25e1185423d4f3c4ac9f567747d79b5 *amd64-linux.elf/upx_test01_exe_dynamic_pie_c.out
07417b17c4798bdf7d9bea1a97bdf4b8d17d53917d60f1149299bbd7a34ac442 *amd64-linux.elf/upx_test01_exe_dynamic_pie_x.out
d841e52c0ea0bf2213eaf72fa2d2f6a7c0f154bd48ee70be9abf374eb9e65993 *amd64-linux.elf/upx_test01_exe_static_nopie_c.out
d841e52c0ea0bf2213eaf72fa2d2f6a7c0f154bd48ee70be9abf374eb9e65993 *amd64-linux.elf/upx_test01_exe_static_nopie_x.out
575dde1338eeb8e2895550f9d7750ebcc9aace21822191c8d423b91a2a5ae1da *amd64-linux.elf/upx_test01_exe_static_pie_c.out
575dde1338eeb8e2895550f9d7750ebcc9aace21822191c8d423b91a2a5ae1da *amd64-linux.elf/upx_test01_exe_static_pie_x.out
85baa7084ce72c8c98e868c497187205ab52a48b6a3349ad48176d8b2933cfc1 *arm-linux.elf/upx_test01_hf_a_dll_c.so
0e665e36ebc0ed43fca93bfa2c970cd5a747cc871d4d57312176a15dd1c675ad *arm-linux.elf/upx_test01_hf_a_dll_x.so
51ccede13c14b30d3fceabb215176e64f0ffd90d0222d6f6a303b90ae18d67fd *arm-linux.elf/upx_test01_hf_a_exe_dynamic_nopie_c.out
2fd4da3175653bae36d1890a8adbe97f96e3a0d2c31089b45ee8f3e593e62954 *arm-linux.elf/upx_test01_hf_a_exe_dynamic_nopie_x.out
f1dad7b07e95370b448530e1d532db6b0b7d8f266181539ffcbdc2968c4d9461 *arm-linux.elf/upx_test01_hf_a_exe_dynamic_pie_c.out
1116a67d1b667b2ae75813dcd71e3fed4af0db5241c60ccaac9cc4c2622c71a5 *arm-linux.elf/upx_test01_hf_a_exe_dynamic_pie_x.out
aac238a02bedb6063069033e2dd30a3b24ceef4a013174727c183eb4ca84025c *arm-linux.elf/upx_test01_hf_a_exe_static_nopie_c.out
a30f862ace7b1035bccb164a26dfd272e48c00c2c93607914d93c6d29ca2a030 *arm-linux.elf/upx_test01_hf_a_exe_static_nopie_x.out
95e4e35b54bc2bdf376282717d9684a4200099b8e3d07d235404f0e3929382f2 *arm-linux.elf/upx_test01_hf_a_exe_static_pie_c.out
efa22481d320aad1e11c83763b5462309be063021cef0865d289ad18aca60c25 *arm-linux.elf/upx_test01_hf_a_exe_static_pie_x.out
5444529d36e753652e4e0fea0358c574e0d08c69d0fe86a8b91366516920d343 *arm-linux.elf/upx_test01_hf_t_dll_c.so
d35c30b6bd8ecb314501bd14d86e78891df3fdff780d18e84efbc41d052f339a *arm-linux.elf/upx_test01_hf_t_dll_x.so
f10558baa1815342b9ed285785879b4b1958ba6929739f9e70bd107d6889a90e *arm-linux.elf/upx_test01_hf_t_exe_dynamic_nopie_c.out
3abd63833909f7a557236eec64c95b698cf91d4ea5ff12f3379c1f57bd3f2ae9 *arm-linux.elf/upx_test01_hf_t_exe_dynamic_nopie_x.out
2d102a35a7504da6dd14b8338974c420f453bf5ccf66f92589ddc57bc0cbdfc6 *arm-linux.elf/upx_test01_hf_t_exe_dynamic_pie_c.out
d603b0f51833ccec0c7bf72ce30f68b320210daae7c183e87fd8d1e2dcca016d *arm-linux.elf/upx_test01_hf_t_exe_dynamic_pie_x.out
445c3333a1f34d5a7ae31be93f06aba61144d5eeacf405cc694daffbae9f0f9d *arm-linux.elf/upx_test01_hf_t_exe_static_nopie_c.out
a0aa72705ad78bc28a5b877fa3b364a88f24a5d1c790e31ba306821cf021aded *arm-linux.elf/upx_test01_hf_t_exe_static_nopie_x.out
92e0235cf7f9a48096cbf99fc8a8241b0562f292e83254a698621c91d5b3e4cf *arm-linux.elf/upx_test01_hf_t_exe_static_pie_c.out
2ce04d07643a89997307675e44f0deea1b3ba1d6cc4fd3ea83b6d18f3c67b9ef *arm-linux.elf/upx_test01_hf_t_exe_static_pie_x.out
a671e06c8c7b111c0490f421709b31bc9b570ab11dbd51ccc3e318f3337f81f1 *arm-linux.elf/upx_test01_sf_a_dll_c.so
be299a0613dbd48485934ad0a16ddb88d8aca5e7542d4b8856ca3b630b031309 *arm-linux.elf/upx_test01_sf_a_dll_x.so
46362b7c7f8bb75dce8cdab10b04748a0876dd9ecee5b40a3ed60c4467bc74ae *arm-linux.elf/upx_test01_sf_a_exe_dynamic_nopie_c.out
3d669fcf8796874fdffbbe416569511c72d5e095c346f9181a7fe3a6ce99a9a7 *arm-linux.elf/upx_test01_sf_a_exe_dynamic_nopie_x.out
5eb114fcea8d6de087c4a78dd7a791c9897b01467abb4a86950199106b78a634 *arm-linux.elf/upx_test01_sf_a_exe_dynamic_pie_c.out
48ea5af3132966c1aa5722456c066c4ef9486fd94da17d9e09fe16a77186dd54 *arm-linux.elf/upx_test01_sf_a_exe_dynamic_pie_x.out
56fada964d43c3bf749991575ecd15f197666f0f3a2ddbdeaf4b2f1c64ebfd78 *arm-linux.elf/upx_test01_sf_a_exe_static_nopie_c.out
73f0efffd5a2816820012a5e1cc1242f9f37d50b5a4ac549011dc3188b5069ac *arm-linux.elf/upx_test01_sf_a_exe_static_nopie_x.out
95470e50baf5c2f5b769ff6028dba28e84cd91491c773a1fd7b2974de3ef7355 *arm-linux.elf/upx_test01_sf_a_exe_static_pie_c.out
6a70fa44db2d510fd4f750455081e8a26096ebf0945ff29aa6415a60ad94823c *arm-linux.elf/upx_test01_sf_a_exe_static_pie_x.out
b329662b9d8ebac503ccae49ae454adcc652b8fa67c8d679f37c41a2a51ba79a *arm-linux.elf/upx_test01_sf_t_dll_c.so
d4a5ec9e4ca0272eaa5a4bd2c159b289723669c2cb5022aee909781ed74b7f62 *arm-linux.elf/upx_test01_sf_t_dll_x.so
62c65b0b456649c557224776b932b4bac5ee15c0afdcab21af640b18d09398db *arm-linux.elf/upx_test01_sf_t_exe_dynamic_nopie_c.out
d3c489caaad384b5177d4fb51739f06cb4fec29c2c2e5b59c7ea08973c85b29b *arm-linux.elf/upx_test01_sf_t_exe_dynamic_nopie_x.out
1084b0bcc555b3c7d5c20ece61db77a380049f0913b6ca3e0914f888b9bf877e *arm-linux.elf/upx_test01_sf_t_exe_dynamic_pie_c.out
c6f7625c07e67e213522b1d52de6a82733636c0de34949990e6ea0ebe031f03d *arm-linux.elf/upx_test01_sf_t_exe_dynamic_pie_x.out
f573efc76590bf92791df937aeeebc1f66f2aa916dd1e2f61a3b5324e9991703 *arm-linux.elf/upx_test01_sf_t_exe_static_nopie_c.out
6ca3300448b0d78c107eec1cf9db5ed2b9f2a6621d4790e00a2c6d0cf9b6d130 *arm-linux.elf/upx_test01_sf_t_exe_static_nopie_x.out
3d854e568a8b4d97ed9adedfddb7bdc54a843710454662cfe2d8ee05ce108cd1 *arm-linux.elf/upx_test01_sf_t_exe_static_pie_c.out
24ddb8ed689adb681985f1e78f9daa33e9ae535a6ef029142d88f0ef1ffb403c *arm-linux.elf/upx_test01_sf_t_exe_static_pie_x.out
0dd30b076a73e20d5c90666fba39b80f5638286def3f15fde4cd5d31c7342fe3 *arm64-linux.elf/upx_test01_dll_c.so
991b2bde5c11ee4a881bad444ad74a3919037ddc9a4d82547a84e49691cb9d69 *arm64-linux.elf/upx_test01_dll_x.so
74c4374231f7046be09f8f0f02e84195498d4cffa56fc739c14fd01456c824ac *arm64-linux.elf/upx_test01_exe_dynamic_nopie_c.out
7c286a7d7f7eba7d727f5230571f908acb20b07ca31e5051a40b00465489c90c *arm64-linux.elf/upx_test01_exe_dynamic_nopie_x.out
44821ea327ba530dffc2824d371e68e3118587b90779cc073419e293faeac828 *arm64-linux.elf/upx_test01_exe_dynamic_pie_c.out
49e1e12a31fcbee2931ebdab11666413e850b2a839fd23c6ec960652c3cb185b *arm64-linux.elf/upx_test01_exe_dynamic_pie_x.out
003aca7d42be638c62e45069341839181446808e7213cd93cf70427b7a61d9f8 *arm64-linux.elf/upx_test01_exe_static_nopie_c.out
caff0d7df46daea494aef2b151747d71e0b1c011af08f347e81c8ba97caf33d1 *arm64-linux.elf/upx_test01_exe_static_nopie_x.out
e5f743ef1e5c974ca0930fcaf41720a258fc452e36deb71660f0ccb548159892 *arm64-linux.elf/upx_test01_exe_static_pie_c.out
cce1f6c70affdb46437475c8690e41da4f17a0d48629a66a352b5540837e7fa0 *arm64-linux.elf/upx_test01_exe_static_pie_x.out
5e2371a34b0ddc5ae3cea1a878f4c407941b0a643bf4bf8af0859321db90b37b *arm64eb-linux.elf/upx_test01_dll_c.so
9d28ce9f58ac7ecb9174a8abb53df51b3f35e779e238c6080c3c53e9339199fc *arm64eb-linux.elf/upx_test01_dll_x.so
c15b47b3ba7502ae4e50b7e270ebefbc17ae33b7e3f8dcffd6ea32032a6980d4 *arm64eb-linux.elf/upx_test01_exe_dynamic_nopie_c.out
6cfc170314a15176c3016cb3bc52b762604fc43aff10fa411de710e1a37d0be2 *arm64eb-linux.elf/upx_test01_exe_dynamic_nopie_x.out
5b398eca92ad303458f2d5d29da66f95f9238391f27438bfcc225e6be5482edb *arm64eb-linux.elf/upx_test01_exe_dynamic_pie_c.out
9538a498ffac3d023d9947dac397ffd4b1ea35d144ede677784a434c0606a328 *arm64eb-linux.elf/upx_test01_exe_dynamic_pie_x.out
32d90d92583e8538e75e22dd7d57a38f30822ca341813557180aa5949bae8ca7 *arm64eb-linux.elf/upx_test01_exe_static_nopie_c.out
641ef35a642f2d9001b487df0b1e86aa61d08776a2c3f93c76ab714ac8e3d96c *arm64eb-linux.elf/upx_test01_exe_static_nopie_x.out
a38bdf8ff39a58096fa0d17340a956d68aff9dcce7884482ef2fc69832d2ca1b *arm64eb-linux.elf/upx_test01_exe_static_pie_c.out
d41068eebbc565990b5213507a2b831d2b3d08c8f1ba50400f69ea2fa17ad6e4 *arm64eb-linux.elf/upx_test01_exe_static_pie_x.out
9d6cdd20d2eb1a6036971d6c3e7c2076a3c2157b97a5f459dabb05d5b48c03fc *armeb-linux.elf/upx_test01_hf_a_dll_c.so
624334b9def5675d12ab544531743b74d33f6ec113d1411678cd7e8571b16a22 *armeb-linux.elf/upx_test01_hf_a_dll_x.so
eec018717548d2fd88737f6ced9add2592e95d0cf6520948fd3381482d7d48cd *armeb-linux.elf/upx_test01_hf_a_exe_dynamic_nopie_c.out
cd728ecd6c29022d5ecb7ccf6d10f96af0904723290f7b1474cf47abb294eede *armeb-linux.elf/upx_test01_hf_a_exe_dynamic_nopie_x.out
1092b937df8755020227ede417fb616f171c3e3379952a37a82ed6d8e6bdbf14 *armeb-linux.elf/upx_test01_hf_a_exe_dynamic_pie_c.out
2525f23e5cd88932405ccfdff895dc8fffa54710d69f96c08884028ffb4f7f74 *armeb-linux.elf/upx_test01_hf_a_exe_dynamic_pie_x.out
e1114e3e4cb88699c44e5d26c71aa8234dd616f44de0e31b54daeb14d5beee97 *armeb-linux.elf/upx_test01_hf_a_exe_static_nopie_c.out
7f988b0d84802467851971d0b3877e5f84336c8c71b437ae27f06ab9bf32de13 *armeb-linux.elf/upx_test01_hf_a_exe_static_nopie_x.out
df9f4e914034d384ea9d0dcd9e17a5d0a5a592aecc39db1ccce65fdc0f9f0c9f *armeb-linux.elf/upx_test01_hf_a_exe_static_pie_c.out
577ccfb06f6a7e6152049ecb738f12837f8db354341b28bd920af398f5d1c930 *armeb-linux.elf/upx_test01_hf_a_exe_static_pie_x.out
2ccce700c4daf35030c451bc1bab6ad37f5360d2e296adbcc33d2e342b1f5fbb *armeb-linux.elf/upx_test01_hf_t_dll_c.so
7af8b1a2498ae5bcb04a7c292d4c81f09923c501f06eadee7a16c227aa74d458 *armeb-linux.elf/upx_test01_hf_t_dll_x.so
51dd02f0540bac5c4e9524849dec5ffe299bbdd4dabaf7f7f1a2aec994397ec2 *armeb-linux.elf/upx_test01_hf_t_exe_dynamic_nopie_c.out
847061f2454ba19ddc0f71a9b31ef117a360dbb5e8cee7793fe18d739051ea4d *armeb-linux.elf/upx_test01_hf_t_exe_dynamic_nopie_x.out
c8d49d99d18b0dcee8c172c8c001ab20d589e9c755283199618a46440cd85286 *armeb-linux.elf/upx_test01_hf_t_exe_dynamic_pie_c.out
4ae0d50868b40858ab9a001dd043cdd5bc655e0fb05766d861e9620885f6ce16 *armeb-linux.elf/upx_test01_hf_t_exe_dynamic_pie_x.out
6ec7d6be2170c2b1067b423011ba34240463bd2148fbe73ef3f8ad45bdd446ed *armeb-linux.elf/upx_test01_hf_t_exe_static_nopie_c.out
c0a91bc2e6d3526dd72c74708ba09cb973c0fc50deb4e02e0e253c97815f8009 *armeb-linux.elf/upx_test01_hf_t_exe_static_nopie_x.out
7ab7b4a926dacac3fa14ecf74a10c5578a8b5fc738444e8adb2fa0746c6b9b8b *armeb-linux.elf/upx_test01_hf_t_exe_static_pie_c.out
33c836bf90a50b415cfbfc5f2c64d11945c0bba4380d68eb23d951e7803114d8 *armeb-linux.elf/upx_test01_hf_t_exe_static_pie_x.out
84ab4ab3a8a61a9c794f88b7aa3b7b650a0dfff84decf3e1f8d0cfb373674d05 *armeb-linux.elf/upx_test01_sf_a_dll_c.so
20557db54629d77014f3a5618754790c0e0dfc374fa7e9a45bbddeb0ed1bc72c *armeb-linux.elf/upx_test01_sf_a_dll_x.so
dbb746a93c43f778e16ec870ab2a6175f32f44ed5ea9dc07025f240f476c7b26 *armeb-linux.elf/upx_test01_sf_a_exe_dynamic_nopie_c.out
33dac7e82f06baf6bac96c0c2c8413da450b40d130ab06d7dddaade0359708fb *armeb-linux.elf/upx_test01_sf_a_exe_dynamic_nopie_x.out
65b163f01fc2375b56dfff9134a87d60acfbf5c635b23c38c6c8a0d6414e7f58 *armeb-linux.elf/upx_test01_sf_a_exe_dynamic_pie_c.out
0dd28ecc3037a98e738356acf338a2dba419761f05daa86247d9bc824cad6faa *armeb-linux.elf/upx_test01_sf_a_exe_dynamic_pie_x.out
95cde27cab795239a3668023fbd535ce6df50b556a48db57d31360b12e3c0732 *armeb-linux.elf/upx_test01_sf_a_exe_static_nopie_c.out
55bdc9985e5468809291d594e073a5c210f0702de4742f538271bfdd10830531 *armeb-linux.elf/upx_test01_sf_a_exe_static_nopie_x.out
f13acde42050a0a826b455ff3966eabaa23f547b84d33162ab87f84f99d02399 *armeb-linux.elf/upx_test01_sf_a_exe_static_pie_c.out
a298724cb5479579ccf883d46ba4c44b08041914e26d5b28c917339e7bda710b *armeb-linux.elf/upx_test01_sf_a_exe_static_pie_x.out
a032b6f09e070db379046f5e7763bd440217bdcdea1f51ba9f99f422c510220e *armeb-linux.elf/upx_test01_sf_t_dll_c.so
f936dcec56f50aaa3b01c5d698fc6d72d0f2a86a69ab3dcd14c8f745ca7837e2 *armeb-linux.elf/upx_test01_sf_t_dll_x.so
0d27536ebcdade5493a83ef9f99f0625a55c061befedad782ad2b46245aaef22 *armeb-linux.elf/upx_test01_sf_t_exe_dynamic_nopie_c.out
20f8c83bde18a8642195d06b731b2376f18ea4c5348c5c880b5c200e33c9d86e *armeb-linux.elf/upx_test01_sf_t_exe_dynamic_nopie_x.out
2d0a21579679598a0c63b644638698c8ace5ac58be0f5f3af11362cf1b53d411 *armeb-linux.elf/upx_test01_sf_t_exe_dynamic_pie_c.out
b9919c3e618c7bcbc1a238fa8f03ea3c78255eb97c3002c3fbdf4630058b9c9e *armeb-linux.elf/upx_test01_sf_t_exe_dynamic_pie_x.out
814753e1e204c174b00503b02895e5583b16d1a99405b4a143a7b1db0ea423d9 *armeb-linux.elf/upx_test01_sf_t_exe_static_nopie_c.out
29e5ff6e8153fd1db96919c2ff7c65f63e8e899294d45310122ddac1f10dbabc *armeb-linux.elf/upx_test01_sf_t_exe_static_nopie_x.out
e27d35c91e41fe548eb8fe30d927cf015d28c980fb5dd916a727e51b4dd3cde0 *armeb-linux.elf/upx_test01_sf_t_exe_static_pie_c.out
ca3609519b1e092ffdd23c45646f8e3e23104f56a4e1c770440075961d360c93 *armeb-linux.elf/upx_test01_sf_t_exe_static_pie_x.out
59c5e19b71286308568e7043a007c2eab74c42b9a9c57247cc9be88f8d1efba9 *i386-linux.elf/upx_test01_i586_dll_c.so
653340ec77af93d43a5f48e91c9ec509c7124fb1bc1edeae175bc074bbacfad3 *i386-linux.elf/upx_test01_i586_dll_x.so
5805dac3575367b36cd3284973cc4cbe6b20c54a5844c9534fc119ec79cef67f *i386-linux.elf/upx_test01_i586_exe_dynamic_nopie_c.out
bbd30cc735fe96443a58821987f3905865529c1e875d50ecbfe2e5776f70f578 *i386-linux.elf/upx_test01_i586_exe_dynamic_nopie_x.out
11a409623f0585f9518eefc7346469cdbb864addc084bf5ecd64776ab7afc69f *i386-linux.elf/upx_test01_i586_exe_dynamic_pie_c.out
7ddf3d1d2d834bfbaaca5a76d25fb7ddc196a22ce7dfd7864c473e5d09cd8972 *i386-linux.elf/upx_test01_i586_exe_dynamic_pie_x.out
809406aa42aa01e8c68b87464f8ac95147961fcc78b6716a567d1623ac21a671 *i386-linux.elf/upx_test01_i586_exe_static_nopie_c.out
c1ba766af1ad5bbcc3ffe287264263795dc7d066bec69d3e4e1e039f7f22f861 *i386-linux.elf/upx_test01_i586_exe_static_nopie_x.out
1c5d126bae12309b1922fc749494b3bfbd2daea680b588e55b5cd19815960a50 *i386-linux.elf/upx_test01_i586_exe_static_pie_c.out
848ea5c395432df90cc674799ea7e6b111ca6ae82fc471d96ab99e5ca92c24f7 *i386-linux.elf/upx_test01_i586_exe_static_pie_x.out
afbe3114b96818152e3ec8c7a202130355f7352885e791a3651f501df0a1fbdc *i386-linux.elf/upx_test01_i686_dll_c.so
a7dbb44541813a7a23bef91e2da686ea7a49d2111a058f72d0cbfd62f5f207e7 *i386-linux.elf/upx_test01_i686_dll_x.so
20c4d8e93f4a6d1b515ee1b8a74a1e5dbcfce348ca995d6b08d57d8a528fe543 *i386-linux.elf/upx_test01_i686_exe_dynamic_nopie_c.out
4cf9c7b950c6edb5544b33db1ad0c23245e5870855a36af0b2b7f1e8b4cd2d9b *i386-linux.elf/upx_test01_i686_exe_dynamic_nopie_x.out
6174b13523e814f45542822a4a4087ca499245bd18bc58404c339a332d648471 *i386-linux.elf/upx_test01_i686_exe_dynamic_pie_c.out
72b11c3510c43f5b85af35cc1c22d71f87dadcde9c0adb7447f728c1ece0fe52 *i386-linux.elf/upx_test01_i686_exe_dynamic_pie_x.out
0cfbfd22b37bf1c4381a4a1d040cf863605c9444b74add4b72232f39442a4793 *i386-linux.elf/upx_test01_i686_exe_static_nopie_c.out
cb5b84aaf54688f348570318d02d39607a925d8c19f5a059b619773e3b6e7c8b *i386-linux.elf/upx_test01_i686_exe_static_nopie_x.out
de967bb700da3929ea8437252459f2c593f7717ff686e06acd48e6b96a40fd7a *i386-linux.elf/upx_test01_i686_exe_static_pie_c.out
37d63ad43ee787a2393feecc78899f5d8233b8f099fbe3c6d2eff7e4773a60b0 *i386-linux.elf/upx_test01_i686_exe_static_pie_x.out
9fffa1166305c60cfbe1bb4350c3083d34851a7f0fef5a832ee33ddc5f79cf58 *mips-linux.elf/upx_test01_hf_dll_c.so
7ae456739cdc3ba5d7b7d1503af7a8254c38eaccd2591d00cd361d8322475d46 *mips-linux.elf/upx_test01_hf_dll_x.so
a509718752e7a91d1521a768011fee893350447859e10083d8c2e2176f3bd41a *mips-linux.elf/upx_test01_hf_exe_dynamic_nopie_c.out
d4cd4d811b8f873247d403d15492c7bd2032a416bfea2cb68d53c5d9e5cf4e0e *mips-linux.elf/upx_test01_hf_exe_dynamic_nopie_x.out
c5894fe40be3990a922494ff81992a4fecfe912aadd35361de68aa8ad1a3c3dc *mips-linux.elf/upx_test01_hf_exe_dynamic_pie_c.out
56ec7428fb1bb890272cd418cc4a1f1be3bb805dcbaaca62f9ed507c30317b13 *mips-linux.elf/upx_test01_hf_exe_dynamic_pie_x.out
41d11c8698fd65500c0d143cd0588e809d77c28bf6df88a63506bf0e7bf54c3c *mips-linux.elf/upx_test01_hf_exe_static_nopie_c.out
0916533f1d761b5c4518d397d9a7617a46f51899851f987968bee5a812186dae *mips-linux.elf/upx_test01_hf_exe_static_nopie_x.out
0b2fa84e44c69f11ee44dd76acfd4da65d4276e87943be0b3502bce2be3a8d34 *mips-linux.elf/upx_test01_hf_exe_static_pie_c.out
5004678c6d75566b0edd37d0723822ed9ea33efb55f91abee837075f478832e2 *mips-linux.elf/upx_test01_hf_exe_static_pie_x.out
760596d6c9ad58588a14cf542883b04a23357504fb9235badde08e00290369de *mips64-linux-n32.elf/upx_test01_hf_dll_c.so
d947e808927f9d2d25c78ee208f56c87c5af04711126a8deca5315b2ae9094ab *mips64-linux-n32.elf/upx_test01_hf_dll_x.so
5b093b548a4cbee7e45c2afc6749b12f0cf18e12021ded28b226affed754e8e7 *mips64-linux-n32.elf/upx_test01_hf_exe_dynamic_nopie_c.out
27966d346071013c6dfd0a98bb4a861a0a67c9fa7dd842f26587e1ee24066ca4 *mips64-linux-n32.elf/upx_test01_hf_exe_dynamic_nopie_x.out
c588593a2be983e99a60859fb52a7f287cf30001a8e91eecd849388c8a71ab82 *mips64-linux-n32.elf/upx_test01_hf_exe_dynamic_pie_c.out
5b812a995d5d89d53d9fa7d2072458dc1c30050cfb061e266a97dbaa23ccdb4b *mips64-linux-n32.elf/upx_test01_hf_exe_dynamic_pie_x.out
e341db3c941646bde0da00b3cf7a0c9480ca6cb73a6e147931c18bdaa61ce644 *mips64-linux-n32.elf/upx_test01_hf_exe_static_nopie_c.out
d6cc77917fe1b154e892617df25304cae0448561cbe3a5f2eab7bab947f0897a *mips64-linux-n32.elf/upx_test01_hf_exe_static_nopie_x.out
7397f4f0d849c031dd79841c2f899d1cac8e85188aa7f14530df9fa147dfceb5 *mips64-linux-n32.elf/upx_test01_hf_exe_static_pie_c.out
a2ab3dea31059dec33cea4eb9757cb7047848f55038c775e095a859fc724e566 *mips64-linux-n32.elf/upx_test01_hf_exe_static_pie_x.out
0cce60d03d9cb5f86f7706306a4ba097875aa5410d260d2c0fb1a1002cf650b2 *mips64-linux.elf/upx_test01_hf_dll_c.so
2e3ec5c7d5efc9933251da58f51c01a822ce5a3d1f4002d4ee0cd68dc1e08092 *mips64-linux.elf/upx_test01_hf_dll_x.so
501cf10a1905c82c8c81c2d8e364c98238f7d19edc588f2e694fa462af39188e *mips64-linux.elf/upx_test01_hf_exe_dynamic_nopie_c.out
f214a99ce75f97029f5c87fc9b97fa507fc968eb6276bcbef4ab3db31d4e0744 *mips64-linux.elf/upx_test01_hf_exe_dynamic_nopie_x.out
901a4871b828c4e3fa9a288157bc25e0025472ebdc818eb9f4a09bfbfa6d4bda *mips64-linux.elf/upx_test01_hf_exe_dynamic_pie_c.out
285c6aee788a58f45ece43dd358fc02850e69375304260304f82ddd7f5ee7728 *mips64-linux.elf/upx_test01_hf_exe_dynamic_pie_x.out
9054212f1ee1d657a9459a6f58ac58b08674cfba6436dba6dfef2665fa21a34b *mips64-linux.elf/upx_test01_hf_exe_static_nopie_c.out
0a042b85eef835aa2bc7353e8b9bf7b642b0f195f401836c63806d9e54fab510 *mips64-linux.elf/upx_test01_hf_exe_static_nopie_x.out
49ed91d61e80d9ecf6e790d3ea668de8d21d54615e14aaeeaa63925499c627f2 *mips64-linux.elf/upx_test01_hf_exe_static_pie_c.out
d47fe8ec4e5b862b14e2df006662f174292c000ba6ac58d45bebc67587bd923b *mips64-linux.elf/upx_test01_hf_exe_static_pie_x.out
406421012c7122108634ce445d06e2313834037cad8ad9e9bd9dca0187207c41 *mips64el-linux-n32.elf/upx_test01_hf_dll_c.so
1ef49b1325377e501aee6dceb1417b3829f07f1f3b173a8b5ba0a14ecda59c76 *mips64el-linux-n32.elf/upx_test01_hf_dll_x.so
28f160dc1d27f76a3c6d340d8ab24d9a1e11db21ff260178c7155d833078fc32 *mips64el-linux-n32.elf/upx_test01_hf_exe_dynamic_nopie_c.out
d7e7e290e7935f7a0f643be4c2473bb139702f4076388e0bd7ef58070caa71b4 *mips64el-linux-n32.elf/upx_test01_hf_exe_dynamic_nopie_x.out
7f9f32c0ddfcd0fa8ac2a0421c1a51585370f87a22cfd0acfe7492ea857f342f *mips64el-linux-n32.elf/upx_test01_hf_exe_dynamic_pie_c.out
2054afc6bc05636d814ede83d82a6740260712628829f3153eeb4af81c25f38d *mips64el-linux-n32.elf/upx_test01_hf_exe_dynamic_pie_x.out
fa96b0507329240bf7326b2da0aeb9840f1c6248b572b80412891a9fbbd0f642 *mips64el-linux-n32.elf/upx_test01_hf_exe_static_nopie_c.out
2fedc409829d012204b005a10a8cdf33bf95d7726c98d429bafb91a4c1f8373a *mips64el-linux-n32.elf/upx_test01_hf_exe_static_nopie_x.out
f5dbdab60657e63478d755e5e5ed27ae8ea9b56f7fa54b4131fd2a0b11783167 *mips64el-linux-n32.elf/upx_test01_hf_exe_static_pie_c.out
ca29dac282baaa9e3be5e61fa810895e67d30b4bc2ac07cc7ede55f1a118d6a6 *mips64el-linux-n32.elf/upx_test01_hf_exe_static_pie_x.out
24972c6db35b29723bf3ff58d4f6548d30bb31c44a208e252ffbbe82ef16edf9 *mips64el-linux.elf/upx_test01_hf_dll_c.so
deb446e005c6ff35a62ee5c98330b1519e9cbb0727cee5c92dc5650df4aeb399 *mips64el-linux.elf/upx_test01_hf_dll_x.so
4963c9e7cfe7e541b60befe5096b1e9e9f12c456e4d0d259f845a7de604b5ee2 *mips64el-linux.elf/upx_test01_hf_exe_dynamic_nopie_c.out
5ce8fd6cb52dad6f9a5fe95b1595c206d2239748e620f3916520721877f237dd *mips64el-linux.elf/upx_test01_hf_exe_dynamic_nopie_x.out
3c6fea0846b7d397e8d9bc0d2b02fdf0008380dc6cdaf5262a0e5db18efd9440 *mips64el-linux.elf/upx_test01_hf_exe_dynamic_pie_c.out
104618c8f18b6c15ddd93c9d45c79e8e82d2a71eac70ad4c39eb3c78222cdd01 *mips64el-linux.elf/upx_test01_hf_exe_dynamic_pie_x.out
fd307f73fb27096ca8a1cd3b241a522fb3f4332ac481b9cb15fc490b30c07dde *mips64el-linux.elf/upx_test01_hf_exe_static_nopie_c.out
8d63ff62b019c48b6da4d09682d435370b2e981645485c7186d9d1462f02e41e *mips64el-linux.elf/upx_test01_hf_exe_static_nopie_x.out
e5e91204edc4699372a5b900fae678b023b5949fb57d0f31513d07592a72219c *mips64el-linux.elf/upx_test01_hf_exe_static_pie_c.out
8a53dbadd1e23471051cad438fc4857087c72b3dfa8eeb9ee661c756afdaf14a *mips64el-linux.elf/upx_test01_hf_exe_static_pie_x.out
19c480c53cf8c5515fbea756c4f2ae8803b3203720fdb4b81d6e7d10296b8486 *mipsel-linux.elf/upx_test01_hf_dll_c.so
7bdbcff9ffe61a0e9db8926bc337628e44803d77a9f0ebcf9cec5616c7c63ad6 *mipsel-linux.elf/upx_test01_hf_dll_x.so
071f46ce8ce2d1391c49914e0a3d9834b40e3db5f5b217649f2fc8ba89300e90 *mipsel-linux.elf/upx_test01_hf_exe_dynamic_nopie_c.out
6fec2bf7c12d6a219b957ccddda7e152ce1e80b0c98a29bb3696d342e9156f11 *mipsel-linux.elf/upx_test01_hf_exe_dynamic_nopie_x.out
d0c087b4ddef456c765e26b188f10db93e99f47d6641fd853073558d07fd413a *mipsel-linux.elf/upx_test01_hf_exe_dynamic_pie_c.out
b1985c5ea66fb1084a17c862f27cd3662eaafb61cd0d621b89630497dd733dd4 *mipsel-linux.elf/upx_test01_hf_exe_dynamic_pie_x.out
0aa3832661821cfad6dc114357f60fa958e02c25f20c39ca48504b357d5cc7f3 *mipsel-linux.elf/upx_test01_hf_exe_static_nopie_c.out
346412500e8a0485aa3741d62ebfa4246a88c8d446d57e03474c5e7766dbf591 *mipsel-linux.elf/upx_test01_hf_exe_static_nopie_x.out
3b57de1beedf935ba55066821a1bc7c8918403243880cda94f8628d7406df534 *mipsel-linux.elf/upx_test01_hf_exe_static_pie_c.out
2691a680be1c9ca3334a72805b65b6408ebda5f388960681f43412c5b6b8fb7f *mipsel-linux.elf/upx_test01_hf_exe_static_pie_x.out
7547cd8b2632a4c28009d50708cb794899daa2ce2957b74f9583140d9855a87a *powerpc-linux.elf/upx_test01_hf_dll_c.so
fb3af1b934bf4547c61b205a347ef2bc973f8faf47b1193a763ebc46e6932dc0 *powerpc-linux.elf/upx_test01_hf_dll_x.so
c96fd82550507781303da72ccf0dfe3f625e23732f0294a2888bb61af210d41e *powerpc-linux.elf/upx_test01_hf_exe_dynamic_nopie_c.out
345cff73c8078a2c47594e9c36c6cb470e7b752c2cf415701a7b7bd23688e766 *powerpc-linux.elf/upx_test01_hf_exe_dynamic_nopie_x.out
94d6ee14a59b36dd511992c1d9d9d04ee545104c47b7dc8145232db414439657 *powerpc-linux.elf/upx_test01_hf_exe_dynamic_pie_c.out
9b98548c4b1e0d04211cb172bb212e04024b6947d1eb77bc652d822966e3c17b *powerpc-linux.elf/upx_test01_hf_exe_dynamic_pie_x.out
08a77a016896923e365eafdcb7538597a22c47e94578bd950052704028d1a199 *powerpc-linux.elf/upx_test01_hf_exe_static_nopie_c.out
4049b77196e5800c644b1a8426e56b1fef58bbae262aed0a6e5a575859046ae9 *powerpc-linux.elf/upx_test01_hf_exe_static_nopie_x.out
e20c4c11b229798b2673c0077fcc850eda766788f69e011512e3d3d1d9c6fb3a *powerpc-linux.elf/upx_test01_hf_exe_static_pie_c.out
a4e233a1e4a6a8f1d92eb8296a028235d72fae349fcfabb03e8faaccdea37f03 *powerpc-linux.elf/upx_test01_hf_exe_static_pie_x.out
32209af0a0b1652b403221acb394a33017bcd46e1497a4bd5ea812a272aa075d *powerpc-linux.elf/upx_test01_sf_dll_c.so
e65d0d9ffe7b982a8869da35b32959f4c7893c84432e046f2d832680c9ca090f *powerpc-linux.elf/upx_test01_sf_dll_x.so
5a1cee9c9730202bb6504383021cca244606c30b3b5f5da1c629a3418c04f29e *powerpc-linux.elf/upx_test01_sf_exe_dynamic_nopie_c.out
716228eb182f67787ff5bf884ace5effba743d1d38d6dcdbb5e99cf876c911a3 *powerpc-linux.elf/upx_test01_sf_exe_dynamic_nopie_x.out
b80a8ab9da1228cbdc8fa76fd5adb82b871599d14d4b31988fa8e4593ecf019e *powerpc-linux.elf/upx_test01_sf_exe_dynamic_pie_c.out
9e1fc423bf3b590fb9e36f58bddf51ecc46a0ac613c751871988811a13dc4572 *powerpc-linux.elf/upx_test01_sf_exe_dynamic_pie_x.out
de29d908aade4dad6ca8f786dcf89a3ac11b98272968dfd6296add2536c6ed4c *powerpc-linux.elf/upx_test01_sf_exe_static_nopie_c.out
2f4a9acd76838df4784aaab3aaff6665387f7815ce9cd013c98d0b2f5d6619c4 *powerpc-linux.elf/upx_test01_sf_exe_static_nopie_x.out
74d418045e5a32ce171f133eec37e01b6d6503d9ca7d99a2331f6af4eb276de6 *powerpc-linux.elf/upx_test01_sf_exe_static_pie_c.out
a4b4bdb9b662acb8f39a205184f7841ff0dcf4854c4bbc3f47e60c819a3d2deb *powerpc-linux.elf/upx_test01_sf_exe_static_pie_x.out
b06033b7d136f23ef6eec1f73d7501f38d7994b80731ad8970d6fe942e7902cc *powerpc64-linux.elf/upx_test01_dll_c.so
115f2051c95c322d81a669a2e6887b7962427c0aa14e7ca3e4d6c5be59bc439e *powerpc64-linux.elf/upx_test01_dll_x.so
1575c025a5c965a0c6f2bf43c7b2e631cd04475b9915e7ad429ffb3d8bcd364c *powerpc64-linux.elf/upx_test01_exe_dynamic_nopie_c.out
5a54530ab7e492546910fb6ead6c15d16d7224d5a9a1dd7b4419ea5a9289a41a *powerpc64-linux.elf/upx_test01_exe_dynamic_nopie_x.out
14a8c3a505c203367c9f505ecd941987a3cffd839c1238a04c120f0276167779 *powerpc64-linux.elf/upx_test01_exe_dynamic_pie_c.out
77c8e1710d8d094d50f4da179cb90cac0dfbcbe636945101eaaccaab7eee1c96 *powerpc64-linux.elf/upx_test01_exe_dynamic_pie_x.out
c1ca6e8f1e5e16d7e0f1ce57e670abc1bf2f2487244c978aafff77ca1784cdde *powerpc64-linux.elf/upx_test01_exe_static_nopie_c.out
3d1f2618e54547dabc9d909811ad85aa1caf215e5f46f0f4e41a9c14fcd68787 *powerpc64-linux.elf/upx_test01_exe_static_nopie_x.out
217c0a70c5b1de83840e64870bf2992fbda7169490fefd8cd376f729b8f90315 *powerpc64-linux.elf/upx_test01_exe_static_pie_c.out
330a812924df776a94852872c4a25d14ac6beb4c1ee1eb8b3f4788f80b394cf3 *powerpc64-linux.elf/upx_test01_exe_static_pie_x.out
0c10b74b012a879b600cb1bed5190291ebad22714c86a3b5501a76f58ffb53e3 *powerpc64le-linux.elf/upx_test01_dll_c.so
a3ebafe02421b4025c5a91865bd2abaa3e9e84f1c7ab1f8b750324311a86544a *powerpc64le-linux.elf/upx_test01_dll_x.so
d5c20833c824f2bb9e565beedb6b62b04441c0c28530f78906c93b9788be0ab3 *powerpc64le-linux.elf/upx_test01_exe_dynamic_nopie_c.out
fd40cbe622a727478cabe5d222fdc3cc1faf4d45b6fa8d210649f737eefb1f03 *powerpc64le-linux.elf/upx_test01_exe_dynamic_nopie_x.out
521f1bfb218d1ed52fbbc79132baf0841551d597ed70a843719665ff22168cd7 *powerpc64le-linux.elf/upx_test01_exe_dynamic_pie_c.out
ed97a211a3daa929b8215b61e76db9c406a3e7ce15e685bac90b068973cfb8a6 *powerpc64le-linux.elf/upx_test01_exe_dynamic_pie_x.out
48f88bac2fd178c3a85fe600d4dcd8ee8fe7780e145defb0ad137883f1fc98b6 *powerpc64le-linux.elf/upx_test01_exe_static_nopie_c.out
a8cc44811c92da00705d249c78e994c19729122dd8ad64c0f46f32666d178dff *powerpc64le-linux.elf/upx_test01_exe_static_nopie_x.out
5374fd6586b4eae59dbb3b101bedaf86ec2b1b61b3f809b30de42df2d8775ee6 *powerpc64le-linux.elf/upx_test01_exe_static_pie_c.out
7b29b54c604d472dd098e249792a07ea3f2d37383253f0496fb53a50f6044847 *powerpc64le-linux.elf/upx_test01_exe_static_pie_x.out
a027fe335b82ccf1a838f304c80af024f6f0cd3ec26cf98cc4ffae5f63633f48 *s390x-linux.elf/upx_test01_dll_c.so
825c1e5e1546822ce3e567fccdad2f4489beb2f50f0a8eb277a5ed703fb4d1d7 *s390x-linux.elf/upx_test01_dll_x.so
dccb5320664c7a88cb9b3b26403e2a4b03b30011dadbfc2e79a5c9d9cb5d6761 *s390x-linux.elf/upx_test01_exe_dynamic_nopie_c.out
38274ddb9303f5b1d91e3272914a63a64cb26629385cfc5da8a3a298a3e6f395 *s390x-linux.elf/upx_test01_exe_dynamic_nopie_x.out
e6e792ff82ccac9a8878d99299bc1fba90c7a2d97aa60dda30c846a00d7d8d8e *s390x-linux.elf/upx_test01_exe_dynamic_pie_c.out
025852c1870fe7424d9d02eac99d48e602fe9f2df965471cc23147de17923e67 *s390x-linux.elf/upx_test01_exe_dynamic_pie_x.out
301ddaf8dc9786776f7bd5dbbecbb3af23ed1c9194981be622ab1d709bfc2812 *s390x-linux.elf/upx_test01_exe_static_nopie_c.out
31006d997f8a407132369e1739a10adf42a925afc9d4f8c88a5386efb98a4eb7 *s390x-linux.elf/upx_test01_exe_static_nopie_x.out
84c51837a356cd7a2d8fa35b98cc22f3e5cd91165ccf825341f14f38c4f03bf3 *s390x-linux.elf/upx_test01_exe_static_pie_c.out
39e074b56fe20cb07885cea33cb8838f8819f4f79e5c374affeb68629f779f47 *s390x-linux.elf/upx_test01_exe_static_pie_x.out
e2dd078332962e49125cfcf71aaea4d1b8f3dda9463d0c9d5666afcc42f122b3 *sh-linux.elf/upx_test01_sf_dll_c.so
88500892eb799ed67199a33aab586ffcdf5487d2c86c7887b7524fd05660f0a9 *sh-linux.elf/upx_test01_sf_dll_x.so
140a89beee0f2360ea42d00702cc2c186f07749aacb41bffbd06ff38d47f8072 *sh-linux.elf/upx_test01_sf_exe_dynamic_nopie_c.out
58bef8e30ef2cfb9561b676a865db0f81089e042a38225896c93a065d2aaa085 *sh-linux.elf/upx_test01_sf_exe_dynamic_nopie_x.out
039228c12a845c67f218d13f1905eed12cfc823284a224b9bc1295d9570e035f *sh-linux.elf/upx_test01_sf_exe_dynamic_pie_c.out
2ef759710be905254bc2e110cddfc484d663d4606be3350d29f30aa6c99d6b49 *sh-linux.elf/upx_test01_sf_exe_dynamic_pie_x.out
afc11441b079ebc89a06503658e46893e17844f06643b42199e4cc8cc8c4c81f *sh-linux.elf/upx_test01_sf_exe_static_nopie_c.out
786007e1750bf2184c0af234b08484c1d0651b29094167e27146c55d569fe46c *sh-linux.elf/upx_test01_sf_exe_static_nopie_x.out
c712635e4bdeb4accd4b377a12bf25ad23d00fc5ac2c176a4d547bfb21363040 *sh-linux.elf/upx_test01_sf_exe_static_pie_c.out
0c2e354cdf0cb010c2359a9c3e94b575944984211bde1aebbe5e0d3aed413863 *sh-linux.elf/upx_test01_sf_exe_static_pie_x.out
73beedec423f58a569c1cf38b985b34abf7eee52af26e046c22f7fe11df300f8 *sheb-linux.elf/upx_test01_sf_dll_c.so
2617a37e04a456e490eb97961b4894a3fe758a10adeed87b4b5714c7dba48819 *sheb-linux.elf/upx_test01_sf_dll_x.so
a592db3e23a41a73bf2b3091ee7bf256339ce60fbceb1fc137277829f6365a19 *sheb-linux.elf/upx_test01_sf_exe_dynamic_nopie_c.out
fdec313e12d130c332dc4d532903ab388cf41b2b951a7c99ed5f0225e82611a2 *sheb-linux.elf/upx_test01_sf_exe_dynamic_nopie_x.out
c4d8e9af5f087c4c03bff83756b189dc83e86b7f004184e4cdf4bc9979c29fb3 *sheb-linux.elf/upx_test01_sf_exe_dynamic_pie_c.out
a535510b3b0824d13803c2e1c2aecec48750de93bf26c5d4be7960245682dd6f *sheb-linux.elf/upx_test01_sf_exe_dynamic_pie_x.out
a7af47651a76eb441fbfb6d6b3a34f13e26565de63dd438670b28b7d474165c8 *sheb-linux.elf/upx_test01_sf_exe_static_nopie_c.out
12ee40a2c3745149a3086cd0a166ea2026ad893ddb6ac16b7b2461abf43320e0 *sheb-linux.elf/upx_test01_sf_exe_static_nopie_x.out
bd5721ae47d178ca44a140ccdfb446fea1a3d95daddb49387c12086399a0fad4 *sheb-linux.elf/upx_test01_sf_exe_static_pie_c.out
006c1c0c1e0b2ba0018468970022c9a83282a808b478e26be17ce65f2062b566 *sheb-linux.elf/upx_test01_sf_exe_static_pie_x.out
